// Jest Snapshot v1, https://goo.gl/fbAQLP

exports[`Tooltip should render correctly 1`] = `
.emotion-0 {
  -webkit-appearance: none;
  -moz-appearance: none;
  -ms-appearance: none;
  appearance: none;
  background-color: var(--tonic-colors-gray-60);
  border: var(--tonic-borders-1);
  color: var(--tonic-colors-white-emphasis);
  cursor: pointer;
  outline: 0;
  padding: 0;
  display: -webkit-inline-box;
  display: -webkit-inline-flex;
  display: -ms-inline-flexbox;
  display: inline-flex;
  -webkit-align-items: center;
  -webkit-box-align: center;
  -ms-flex-align: center;
  align-items: center;
  -webkit-box-pack: center;
  -ms-flex-pack: center;
  -webkit-justify-content: center;
  justify-content: center;
  -webkit-user-select: none;
  -moz-user-select: none;
  -ms-user-select: none;
  user-select: none;
  white-space: nowrap;
  border-radius: var(--tonic-radii-sm);
  padding-left: var(--tonic-space-3x);
  padding-right: var(--tonic-space-3x);
  -webkit-transition: background-color 200ms cubic-bezier(0.4, 0, 0.2, 1),border-color 200ms cubic-bezier(0.4, 0, 0.2, 1),box-shadow 200ms cubic-bezier(0.4, 0, 0.2, 1),color 200ms cubic-bezier(0.4, 0, 0.2, 1);
  transition: background-color 200ms cubic-bezier(0.4, 0, 0.2, 1),border-color 200ms cubic-bezier(0.4, 0, 0.2, 1),box-shadow 200ms cubic-bezier(0.4, 0, 0.2, 1),color 200ms cubic-bezier(0.4, 0, 0.2, 1);
  min-height: var(--tonic-sizes-8x);
  font-size: var(--tonic-fontSizes-sm);
  line-height: var(--tonic-lineHeights-sm);
  border-color: var(--tonic-colors-transparent);
}

.emotion-0[aria-selected=true],
.emotion-0[data-selected] {
  background-color: var(--tonic-colors-gray-70);
  color: var(--tonic-colors-white-emphasis);
  pointer-events: none;
}

.emotion-0:focus,
.emotion-0[data-focus] {
  z-index: 1;
}

.emotion-0:focus:not(:active),
.emotion-0[data-focus]:not(:active) {
  border-color: var(--tonic-colors-blue-60);
  box-shadow: inset 0 0 0 .0625rem #1e5ede,inset 0 0 0 .125rem rgba(0, 0, 0, 1.0);
}

.emotion-0:hover,
.emotion-0[data-hover] {
  background-color: var(--tonic-colors-gray-50);
  z-index: 2;
}

.emotion-0:active,
.emotion-0[data-active] {
  background-color: var(--tonic-colors-gray-70);
}

.emotion-0:disabled,
.emotion-0:disabled:focus,
.emotion-0:disabled:hover,
.emotion-0[aria-disabled=true],
.emotion-0[aria-disabled=true]:focus,
.emotion-0[aria-disabled=true]:hover,
.emotion-0[data-disabled] {
  background-color: var(--tonic-colors-gray-60);
  color: var(--tonic-colors-white-emphasis);
  cursor: not-allowed;
  opacity: 0.28;
}

.emotion-2 {
  position: absolute;
  pointer-events: none;
  z-index: var(--tonic-zIndices-tooltip);
}

.emotion-4 {
  background-color: var(--tonic-colors-gray-10);
  border-radius: var(--tonic-radii-sm);
  box-shadow: 0 2px 8px 0 rgba(0, 0, 0, 0.48),0 1px 2px 0 rgba(0, 0, 0, 0.16);
  color: var(--tonic-colors-black-primary);
  font-weight: var(--tonic-fontWeights-normal);
  font-size: var(--tonic-fontSizes-sm);
  line-height: var(--tonic-lineHeights-sm);
  padding-left: var(--tonic-space-3x);
  padding-right: var(--tonic-space-3x);
  padding-top: var(--tonic-space-1x);
  padding-bottom: var(--tonic-space-1x);
  opacity: 1;
  -webkit-transform: none;
  -moz-transform: none;
  -ms-transform: none;
  transform: none;
  -webkit-transition: opacity cubic-bezier(0.4, 0, 0.2, 1),-webkit-transform cubic-bezier(0.4, 0, 0.2, 1);
  transition: opacity cubic-bezier(0.4, 0, 0.2, 1),transform cubic-bezier(0.4, 0, 0.2, 1);
  transform-origin: top center;
}

.emotion-6[data-popper-placement^="top"] {
  position: absolute;
  bottom: 0;
}

.emotion-6[data-popper-placement^="top"]::before {
  content: "";
  border-top: 4px solid;
  border-left: calc(8px/2) solid transparent;
  border-right: calc(8px/2) solid transparent;
  -webkit-filter: drop-shadow(0 1px 1px rgba(0, 0, 0, 0.16));
  filter: drop-shadow(0 1px 1px rgba(0, 0, 0, 0.16));
  position: absolute;
  bottom: calc(4px * -1);
  -webkit-transform: translateX(-50%);
  -moz-transform: translateX(-50%);
  -ms-transform: translateX(-50%);
  transform: translateX(-50%);
}

.emotion-6[data-popper-placement^="bottom"] {
  position: absolute;
  top: 0;
}

.emotion-6[data-popper-placement^="bottom"]::before {
  content: "";
  border-bottom: 4px solid;
  border-left: calc(8px/2) solid transparent;
  border-right: calc(8px/2) solid transparent;
  -webkit-filter: drop-shadow(0 -1px 1px rgba(0, 0, 0, 0.16));
  filter: drop-shadow(0 -1px 1px rgba(0, 0, 0, 0.16));
  position: absolute;
  top: calc(4px * -1);
  -webkit-transform: translateX(-50%);
  -moz-transform: translateX(-50%);
  -ms-transform: translateX(-50%);
  transform: translateX(-50%);
}

.emotion-6[data-popper-placement^="left"] {
  position: absolute;
  right: 0;
}

.emotion-6[data-popper-placement^="left"]::before {
  content: "";
  border-left: 4px solid;
  border-top: calc(8px/2) solid transparent;
  border-bottom: calc(8px/2) solid transparent;
  -webkit-filter: drop-shadow(1px 0px 1px rgba(0, 0, 0, 0.16));
  filter: drop-shadow(1px 0px 1px rgba(0, 0, 0, 0.16));
  position: absolute;
  right: calc(4px * -1);
  -webkit-transform: translateY(-50%);
  -moz-transform: translateY(-50%);
  -ms-transform: translateY(-50%);
  transform: translateY(-50%);
}

.emotion-6[data-popper-placement^="right"] {
  position: absolute;
  left: 0;
}

.emotion-6[data-popper-placement^="right"]::before {
  content: "";
  border-right: 4px solid;
  border-top: calc(8px/2) solid transparent;
  border-bottom: calc(8px/2) solid transparent;
  -webkit-filter: drop-shadow(-1px 0px 1px rgba(0, 0, 0, 0.16));
  filter: drop-shadow(-1px 0px 1px rgba(0, 0, 0, 0.16));
  position: absolute;
  left: calc(4px * -1);
  -webkit-transform: translateY(-50%);
  -moz-transform: translateY(-50%);
  -ms-transform: translateY(-50%);
  transform: translateY(-50%);
}

<div>
  <button
    aria-describedby="@tonic-ui/react:Tooltip-1"
    class="emotion-0 emotion-1"
    id="@tonic-ui/react:TooltipTrigger-1"
    type="button"
  >
    button label
  </button>
  <div
    aria-labelledby="@tonic-ui/react:TooltipTrigger-1"
    class="emotion-2 emotion-1"
    data-popper-escaped=""
    data-popper-placement="bottom"
    data-popper-reference-hidden=""
    id="@tonic-ui/react:Tooltip-1"
    role="tooltip"
    style="position: absolute; left: 0px; top: 0px; margin: 0px; transform: translate(0px, 8px);"
  >
    <div
      class="emotion-4 emotion-1"
    >
      tooltip label
      <div
        class="emotion-6 emotion-1"
        data-popper-arrow="true"
        data-popper-placement="bottom"
        role="presentation"
        style="position: absolute; left: 0px; transform: translate(12px, 0px);"
      />
    </div>
  </div>
</div>
`;
