// Jest Snapshot v1, https://goo.gl/fbAQLP

exports[`Tree should render correctly 1`] = `
.emotion-0 {
  outline: 0;
}

.emotion-4 {
  color: var(--tonic-colors-white-primary);
  cursor: pointer;
  display: -webkit-box;
  display: -webkit-flex;
  display: -ms-flexbox;
  display: flex;
  -webkit-text-decoration: none;
  text-decoration: none;
  -webkit-align-items: center;
  -webkit-box-align: center;
  -ms-flex-align: center;
  align-items: center;
  outline: 0;
  padding-left: var(--tonic-space-3x);
  padding-right: var(--tonic-space-3x);
  padding-top: var(--tonic-space-2x);
  padding-bottom: var(--tonic-space-2x);
  -webkit-user-select: none;
  -moz-user-select: none;
  -ms-user-select: none;
  user-select: none;
  width: 100%;
}

.emotion-4:focus-visible {
  outline-color: var(--tonic-colors-blue-60);
  outline-offset: calc(var(--tonic-space-1h) * -1);
  outline-style: solid;
  outline-width: var(--tonic-sizes-1h);
}

.emotion-4:hover,
.emotion-4[data-hover] {
  background-color: rgba(255, 255, 255, 0.12);
}

.emotion-4:hover+[role="group"] {
  position: relative;
}

.emotion-4:hover+[role="group"]::before {
  background-color: rgba(255, 255, 255, 0.12);
  content: "";
  position: absolute;
  top: 0;
  bottom: 0;
  left: 19.5px;
  width: 1px;
}

.emotion-6 {
  display: -webkit-box;
  display: -webkit-flex;
  display: -ms-flexbox;
  display: flex;
  -webkit-flex: none;
  -ms-flex: none;
  flex: none;
  width: var(--tonic-sizes-6x);
}

.emotion-8 {
  -webkit-appearance: none;
  -moz-appearance: none;
  -ms-appearance: none;
  appearance: none;
  background-color: var(--tonic-colors-transparent);
  border: none;
  color: inherit;
  cursor: pointer;
  outline: 0;
  padding: 0;
  display: -webkit-inline-box;
  display: -webkit-inline-flex;
  display: -ms-inline-flexbox;
  display: inline-flex;
}

.emotion-10 {
  display: -webkit-inline-box;
  display: -webkit-inline-flex;
  display: -ms-inline-flexbox;
  display: inline-flex;
  color: var(--tonic-colors-white-secondary);
  -webkit-transform: rotate(0deg);
  -moz-transform: rotate(0deg);
  -ms-transform: rotate(0deg);
  transform: rotate(0deg);
  -webkit-transition: -webkit-transform 93ms cubic-bezier(0.0, 0, 0.2, 1);
  transition: transform 93ms cubic-bezier(0.0, 0, 0.2, 1);
}

.emotion-10:hover,
.emotion-10[data-hover] {
  color: var(--tonic-colors-white-primary);
}

.emotion-12 {
  display: -webkit-inline-box;
  display: -webkit-inline-flex;
  display: -ms-inline-flexbox;
  display: inline-flex;
  -webkit-flex-shrink: 0;
  -ms-flex-negative: 0;
  flex-shrink: 0;
  width: var(--tonic-sizes-4x);
  height: var(--tonic-sizes-4x);
}

.emotion-14 {
  overflow: hidden;
  text-overflow: ellipsis;
  white-space: nowrap;
  -webkit-flex: auto;
  -ms-flex: auto;
  flex: auto;
  font-weight: var(--tonic-fontWeights-normal);
}

<div>
  <div
    aria-label="tree"
    aria-multiselectable="true"
    class="emotion-0 emotion-1"
    id="4"
    role="tree"
    tabindex="0"
  >
    <div
      class="emotion-2 emotion-1"
      data-testid="node-1"
      id="4-1"
      role="treeitem"
    >
      <div
        class="emotion-4 emotion-1"
        data-testid="node-1-content"
        tabindex="-1"
      >
        <div
          class="emotion-6 emotion-1"
        >
          <button
            aria-label="toggle"
            class="emotion-8 emotion-1"
            data-testid="node-1-toggle"
            role="button"
            tabindex="0"
            type="button"
          >
            <div
              class="emotion-10 emotion-1"
            >
              <svg
                aria-hidden="true"
                class="emotion-12 emotion-1"
                fill="currentColor"
                focusable="false"
                viewBox="0 0 16 16"
              >
                <g>
                  <path
                    d="M6.501 12.5l-1-1 3.501-3.506-3.49-3.494 1-1 4.488 4.494z"
                  />
                </g>
              </svg>
            </div>
          </button>
        </div>
        <div
          class="emotion-14 emotion-1"
          id="@tonic-ui/react:TooltipTrigger-1"
        >
          Node 1
        </div>
      </div>
    </div>
    <div
      class="emotion-2 emotion-1"
      data-testid="node-7"
      id="4-7"
      role="treeitem"
    >
      <div
        class="emotion-4 emotion-1"
        data-testid="node-7-content"
        tabindex="-1"
      >
        <div
          class="emotion-6 emotion-1"
        >
          <button
            aria-label="toggle"
            class="emotion-8 emotion-1"
            data-testid="node-7-toggle"
            role="button"
            tabindex="0"
            type="button"
          >
            <div
              class="emotion-10 emotion-1"
            >
              <svg
                aria-hidden="true"
                class="emotion-12 emotion-1"
                fill="currentColor"
                focusable="false"
                viewBox="0 0 16 16"
              >
                <g>
                  <path
                    d="M6.501 12.5l-1-1 3.501-3.506-3.49-3.494 1-1 4.488 4.494z"
                  />
                </g>
              </svg>
            </div>
          </button>
        </div>
        <div
          class="emotion-14 emotion-1"
          id="@tonic-ui/react:TooltipTrigger-2"
        >
          Node 7
        </div>
      </div>
    </div>
    <div
      class="emotion-2 emotion-1"
      data-testid="node-9"
      id="4-9"
      role="treeitem"
    >
      <div
        class="emotion-4 emotion-1"
        data-testid="node-9-content"
        tabindex="-1"
      >
        <div
          class="emotion-6 emotion-1"
        >
          <button
            aria-label="toggle"
            class="emotion-8 emotion-1"
            data-testid="node-9-toggle"
            role="button"
            tabindex="0"
            type="button"
          >
            <div
              class="emotion-10 emotion-1"
            >
              <svg
                aria-hidden="true"
                class="emotion-12 emotion-1"
                fill="currentColor"
                focusable="false"
                viewBox="0 0 16 16"
              >
                <g>
                  <path
                    d="M6.501 12.5l-1-1 3.501-3.506-3.49-3.494 1-1 4.488 4.494z"
                  />
                </g>
              </svg>
            </div>
          </button>
        </div>
        <div
          class="emotion-14 emotion-1"
          id="@tonic-ui/react:TooltipTrigger-3"
        >
          Node 9
        </div>
      </div>
    </div>
  </div>
</div>
`;
