// Jest Snapshot v1, https://goo.gl/fbAQLP

exports[`DatePicker should render correctly 1`] = `
.emotion-0 {
  position: relative;
  display: -webkit-inline-box;
  display: -webkit-inline-flex;
  display: -ms-inline-flexbox;
  display: inline-flex;
}

.emotion-4 {
  display: -webkit-inline-box;
  display: -webkit-inline-flex;
  display: -ms-inline-flexbox;
  display: inline-flex;
  -webkit-align-items: center;
  -webkit-box-align: center;
  -ms-flex-align: center;
  align-items: center;
  position: relative;
  -webkit-transition: all .2s;
  transition: all .2s;
  font-size: var(--tonic-fontSizes-sm);
  line-height: var(--tonic-lineHeights-sm);
  height: var(--tonic-sizes-8x);
  background-color: var(--tonic-colors-transparent);
  border: var(--tonic-borders-1);
  border-color: var(--tonic-colors-gray-60);
  border-radius: var(--tonic-radii-sm);
  color: var(--tonic-colors-white-primary);
}

.emotion-4:invalid,
.emotion-4[aria-invalid=true] {
  border-color: var(--tonic-colors-red-50);
}

.emotion-4::-webkit-input-placeholder {
  color: var(--tonic-colors-white-tertiary);
  opacity: 1;
}

.emotion-4::-moz-placeholder {
  color: var(--tonic-colors-white-tertiary);
  opacity: 1;
}

.emotion-4:-ms-input-placeholder {
  color: var(--tonic-colors-white-tertiary);
  opacity: 1;
}

.emotion-4::placeholder {
  color: var(--tonic-colors-white-tertiary);
  opacity: 1;
}

.emotion-4:focus,
.emotion-4[data-focus] {
  border-color: var(--tonic-colors-blue-60);
  z-index: 1;
}

.emotion-4:hover,
.emotion-4[data-hover] {
  border-color: var(--tonic-colors-blue-50);
  z-index: 2;
}

.emotion-4:disabled,
.emotion-4:disabled:focus,
.emotion-4:disabled:hover,
.emotion-4[aria-disabled=true],
.emotion-4[aria-disabled=true]:focus,
.emotion-4[aria-disabled=true]:hover,
.emotion-4[data-disabled] {
  border-color: var(--tonic-colors-gray-60);
  cursor: not-allowed;
  opacity: .28;
}

.emotion-4:has(> input:focus:invalid),
.emotion-4:has(> input:focus[aria-invalid=true]) {
  border-color: var(--tonic-colors-blue-60);
}

.emotion-4:hover:has(> input:invalid),
.emotion-4:hover:has(> input[aria-invalid=true]) {
  border-color: var(--tonic-colors-red-50);
}

.emotion-4:hover:has(> input:focus:invalid),
.emotion-4:hover:has(> input:focus[aria-invalid=true]) {
  border-color: var(--tonic-colors-blue-60);
}

.emotion-6 {
  -webkit-flex: none;
  -ms-flex: none;
  flex: none;
  padding-left: var(--tonic-space-3x);
  padding-right: var(--tonic-space-3x);
  color: var(--tonic-colors-white-secondary);
}

.emotion-8 {
  display: -webkit-inline-box;
  display: -webkit-inline-flex;
  display: -ms-inline-flexbox;
  display: inline-flex;
  -webkit-flex-shrink: 0;
  -ms-flex-negative: 0;
  flex-shrink: 0;
  width: var(--tonic-sizes-4x);
  height: var(--tonic-sizes-4x);
  vertical-align: middle;
}

.emotion-10 {
  -webkit-appearance: none;
  -moz-appearance: none;
  -ms-appearance: none;
  appearance: none;
  background-color: inherit;
  border: none;
  color: inherit;
  outline: 0;
  padding: 0;
  width: 100%;
  font-size: var(--tonic-fontSizes-sm);
  line-height: var(--tonic-lineHeights-sm);
  padding-right: calc(.75rem - .0625rem);
}

<div>
  <div
    class="emotion-0 emotion-1"
    data-testid="date-picker"
  >
    <div
      class="emotion-2 emotion-1"
    >
      <div
        aria-controls="@tonic-ui/react:DatePickerContent-1"
        aria-expanded="false"
        aria-haspopup="menu"
        class="emotion-4 emotion-1"
        data-testid="date-picker-input-control"
        role="button"
        tabindex="0"
      >
        <div
          class="emotion-6 emotion-1"
        >
          <svg
            aria-hidden="true"
            class="emotion-8 emotion-1"
            data-icon="CalendarIcon"
            fill="currentColor"
            focusable="false"
            viewBox="0 0 16 16"
          >
            <path
              d="M15 1h-2v-1h-3v1h-4v-1h-3v1h-2c-0.552 0-1 0.448-1 1v0 13c0 0.552 0.448 1 1 1v0h14c0.552 0 1-0.448 1-1v0-13c0-0.552-0.448-1-1-1v0zM15 4v3h-4v-3h4zM11 1h1v2h-1v-2zM10 4v3h-4v-3h4zM10 8v3h-4v-3h4zM4 1h1v2h-1v-2zM5 4v3h-4v-3h4zM1 8h4v3h-4v-3zM1 15v-3h4v3h-4zM6 15v-3h4v3h-4zM15 15h-4v-3h4v3zM11 11v-3h4v3h-4z"
            />
          </svg>
        </div>
        <input
          class="emotion-10 emotion-1"
          data-testid="date-picker-input-element"
          id="@tonic-ui/react:DatePickerToggle-1"
          placeholder="yyyy-MM-dd"
          value="2024-08-15"
        />
      </div>
    </div>
  </div>
</div>
`;
