// Jest Snapshot v1, https://goo.gl/fbAQLP

exports[`TextLabel should render correctly 1`] = `
<div>
  <div
    class="emotion-0 emotion-1"
  >
    Text
  </div>
</div>
`;
