// Jest Snapshot v1, https://goo.gl/fbAQLP

exports[`Checkbox should render correctly 1`] = `
.emotion-0 {
  display: -webkit-inline-box;
  display: -webkit-inline-flex;
  display: -ms-inline-flexbox;
  display: inline-flex;
  vertical-align: top;
  -webkit-align-items: center;
  -webkit-box-align: center;
  -ms-flex-align: center;
  align-items: center;
  cursor: pointer;
}

.emotion-2 {
  position: absolute;
  width: 1px;
  height: 1px;
  padding: 0;
  border: 0;
  overflow: hidden;
  -webkit-clip-path: inset(50%);
  clip-path: inset(50%);
  white-space: nowrap;
}

.emotion-4 {
  display: -webkit-inline-box;
  display: -webkit-inline-flex;
  display: -ms-inline-flexbox;
  display: inline-flex;
  -webkit-align-items: center;
  -webkit-box-align: center;
  -ms-flex-align: center;
  align-items: center;
  -webkit-box-pack: center;
  -ms-flex-pack: center;
  -webkit-justify-content: center;
  justify-content: center;
  -webkit-transition: background-color 120ms cubic-bezier(0.4, 0, 0.2, 1);
  transition: background-color 120ms cubic-bezier(0.4, 0, 0.2, 1);
  -webkit-flex-shrink: 0;
  -ms-flex-negative: 0;
  flex-shrink: 0;
  -webkit-user-select: none;
  -moz-user-select: none;
  -ms-user-select: none;
  user-select: none;
  border: var(--tonic-borders-1);
  position: relative;
  width: var(--tonic-sizes-3x);
  height: var(--tonic-sizes-3x);
  z-index: 0;
  background-color: var(--tonic-colors-transparent);
  border-color: var(--tonic-colors-gray-50);
  color: var(--tonic-colors-white-emphasis);
}

input[type=checkbox]:focus+.emotion-4 {
  outline-style: solid;
  outline-color: var(--tonic-colors-blue-60);
  outline-width: var(--tonic-sizes-1h);
}

input[type=checkbox]:hover:not(:disabled):not(:checked):not(:focus)+.emotion-4 {
  background-color: var(--tonic-colors-transparent);
  border-color: var(--tonic-colors-blue-50);
  color: var(--tonic-colors-white-emphasis);
}

input[type=checkbox]:disabled+.emotion-4 {
  background-color: var(--tonic-colors-transparent);
  border-color: var(--tonic-colors-gray-60);
  color: var(--tonic-colors-white-emphasis);
  opacity: 0.28;
}

input[type=checkbox]:checked:disabled+.emotion-4 {
  background-color: var(--tonic-colors-gray-60);
  border-color: var(--tonic-colors-gray-60);
  color: var(--tonic-colors-white-emphasis);
  opacity: 0.28;
}

input[type=checkbox]:checked:focus+.emotion-4 {
  background-color: inherit;
  border-color: var(--tonic-colors-transparent);
  color: var(--tonic-colors-white-emphasis);
}

input[type=checkbox]:checked:focus+.emotion-4>div:first-of-type {
  background-color: var(--tonic-colors-blue-60);
}

input[type=checkbox]:checked:hover:not(:disabled):not(:focus)+.emotion-4 {
  background-color: var(--tonic-colors-blue-50);
  border-color: var(--tonic-colors-blue-50);
  color: var(--tonic-colors-white-emphasis);
}

.emotion-4>* {
  opacity: 0;
}

input[type=checkbox]:checked+.emotion-4 {
  background-color: var(--tonic-colors-blue-60);
  border-color: var(--tonic-colors-blue-60);
  color: var(--tonic-colors-white-emphasis);
}

input[type=checkbox]:checked+.emotion-4>* {
  opacity: 1;
}

input[type=checkbox][data-indeterminate]+.emotion-4>* {
  opacity: 1;
}

.emotion-6 {
  z-index: -1;
  position: absolute;
  top: 0;
  bottom: 0;
  left: 0;
  right: 0;
}

.emotion-8 {
  width: .75rem;
  height: .75rem;
  fill: currentColor;
  display: -webkit-inline-box;
  display: -webkit-inline-flex;
  display: -ms-inline-flexbox;
  display: inline-flex;
  vertical-align: middle;
  -webkit-flex-shrink: 0;
  -ms-flex-negative: 0;
  flex-shrink: 0;
}

.emotion-8:not(:root) {
  overflow: hidden;
}

.emotion-10 {
  margin-left: var(--tonic-space-2x);
  -webkit-user-select: none;
  -moz-user-select: none;
  -ms-user-select: none;
  user-select: none;
  opacity: 1;
}

.emotion-16 {
  display: -webkit-inline-box;
  display: -webkit-inline-flex;
  display: -ms-inline-flexbox;
  display: inline-flex;
  -webkit-align-items: center;
  -webkit-box-align: center;
  -ms-flex-align: center;
  align-items: center;
  -webkit-box-pack: center;
  -ms-flex-pack: center;
  -webkit-justify-content: center;
  justify-content: center;
  -webkit-transition: background-color 120ms cubic-bezier(0.4, 0, 0.2, 1);
  transition: background-color 120ms cubic-bezier(0.4, 0, 0.2, 1);
  -webkit-flex-shrink: 0;
  -ms-flex-negative: 0;
  flex-shrink: 0;
  -webkit-user-select: none;
  -moz-user-select: none;
  -ms-user-select: none;
  user-select: none;
  border: var(--tonic-borders-1);
  position: relative;
  width: var(--tonic-sizes-4x);
  height: var(--tonic-sizes-4x);
  z-index: 0;
  background-color: var(--tonic-colors-transparent);
  border-color: var(--tonic-colors-gray-50);
  color: var(--tonic-colors-white-emphasis);
}

input[type=checkbox]:focus+.emotion-16 {
  outline-style: solid;
  outline-color: var(--tonic-colors-blue-60);
  outline-width: var(--tonic-sizes-1h);
}

input[type=checkbox]:hover:not(:disabled):not(:checked):not(:focus)+.emotion-16 {
  background-color: var(--tonic-colors-transparent);
  border-color: var(--tonic-colors-blue-50);
  color: var(--tonic-colors-white-emphasis);
}

input[type=checkbox]:disabled+.emotion-16 {
  background-color: var(--tonic-colors-transparent);
  border-color: var(--tonic-colors-gray-60);
  color: var(--tonic-colors-white-emphasis);
  opacity: 0.28;
}

input[type=checkbox]:checked:disabled+.emotion-16 {
  background-color: var(--tonic-colors-gray-60);
  border-color: var(--tonic-colors-gray-60);
  color: var(--tonic-colors-white-emphasis);
  opacity: 0.28;
}

input[type=checkbox]:checked:focus+.emotion-16 {
  background-color: inherit;
  border-color: var(--tonic-colors-transparent);
  color: var(--tonic-colors-white-emphasis);
}

input[type=checkbox]:checked:focus+.emotion-16>div:first-of-type {
  background-color: var(--tonic-colors-blue-60);
}

input[type=checkbox]:checked:hover:not(:disabled):not(:focus)+.emotion-16 {
  background-color: var(--tonic-colors-blue-50);
  border-color: var(--tonic-colors-blue-50);
  color: var(--tonic-colors-white-emphasis);
}

.emotion-16>* {
  opacity: 0;
}

input[type=checkbox]:checked+.emotion-16 {
  background-color: var(--tonic-colors-blue-60);
  border-color: var(--tonic-colors-blue-60);
  color: var(--tonic-colors-white-emphasis);
}

input[type=checkbox]:checked+.emotion-16>* {
  opacity: 1;
}

input[type=checkbox][data-indeterminate]+.emotion-16>* {
  opacity: 1;
}

.emotion-20 {
  width: 1rem;
  height: 1rem;
  fill: currentColor;
  display: -webkit-inline-box;
  display: -webkit-inline-flex;
  display: -ms-inline-flexbox;
  display: inline-flex;
  vertical-align: middle;
  -webkit-flex-shrink: 0;
  -ms-flex-negative: 0;
  flex-shrink: 0;
}

.emotion-20:not(:root) {
  overflow: hidden;
}

.emotion-28 {
  display: -webkit-inline-box;
  display: -webkit-inline-flex;
  display: -ms-inline-flexbox;
  display: inline-flex;
  -webkit-align-items: center;
  -webkit-box-align: center;
  -ms-flex-align: center;
  align-items: center;
  -webkit-box-pack: center;
  -ms-flex-pack: center;
  -webkit-justify-content: center;
  justify-content: center;
  -webkit-transition: background-color 120ms cubic-bezier(0.4, 0, 0.2, 1);
  transition: background-color 120ms cubic-bezier(0.4, 0, 0.2, 1);
  -webkit-flex-shrink: 0;
  -ms-flex-negative: 0;
  flex-shrink: 0;
  -webkit-user-select: none;
  -moz-user-select: none;
  -ms-user-select: none;
  user-select: none;
  border: var(--tonic-borders-1);
  position: relative;
  width: var(--tonic-sizes-6x);
  height: var(--tonic-sizes-6x);
  z-index: 0;
  background-color: var(--tonic-colors-transparent);
  border-color: var(--tonic-colors-gray-50);
  color: var(--tonic-colors-white-emphasis);
}

input[type=checkbox]:focus+.emotion-28 {
  outline-style: solid;
  outline-color: var(--tonic-colors-blue-60);
  outline-width: var(--tonic-sizes-1h);
}

input[type=checkbox]:hover:not(:disabled):not(:checked):not(:focus)+.emotion-28 {
  background-color: var(--tonic-colors-transparent);
  border-color: var(--tonic-colors-blue-50);
  color: var(--tonic-colors-white-emphasis);
}

input[type=checkbox]:disabled+.emotion-28 {
  background-color: var(--tonic-colors-transparent);
  border-color: var(--tonic-colors-gray-60);
  color: var(--tonic-colors-white-emphasis);
  opacity: 0.28;
}

input[type=checkbox]:checked:disabled+.emotion-28 {
  background-color: var(--tonic-colors-gray-60);
  border-color: var(--tonic-colors-gray-60);
  color: var(--tonic-colors-white-emphasis);
  opacity: 0.28;
}

input[type=checkbox]:checked:focus+.emotion-28 {
  background-color: inherit;
  border-color: var(--tonic-colors-transparent);
  color: var(--tonic-colors-white-emphasis);
}

input[type=checkbox]:checked:focus+.emotion-28>div:first-of-type {
  background-color: var(--tonic-colors-blue-60);
}

input[type=checkbox]:checked:hover:not(:disabled):not(:focus)+.emotion-28 {
  background-color: var(--tonic-colors-blue-50);
  border-color: var(--tonic-colors-blue-50);
  color: var(--tonic-colors-white-emphasis);
}

.emotion-28>* {
  opacity: 0;
}

input[type=checkbox]:checked+.emotion-28 {
  background-color: var(--tonic-colors-blue-60);
  border-color: var(--tonic-colors-blue-60);
  color: var(--tonic-colors-white-emphasis);
}

input[type=checkbox]:checked+.emotion-28>* {
  opacity: 1;
}

input[type=checkbox][data-indeterminate]+.emotion-28>* {
  opacity: 1;
}

.emotion-32 {
  width: 1.5rem;
  height: 1.5rem;
  fill: currentColor;
  display: -webkit-inline-box;
  display: -webkit-inline-flex;
  display: -ms-inline-flexbox;
  display: inline-flex;
  vertical-align: middle;
  -webkit-flex-shrink: 0;
  -ms-flex-negative: 0;
  flex-shrink: 0;
}

.emotion-32:not(:root) {
  overflow: hidden;
}

.emotion-52 {
  display: -webkit-inline-box;
  display: -webkit-inline-flex;
  display: -ms-inline-flexbox;
  display: inline-flex;
  -webkit-align-items: center;
  -webkit-box-align: center;
  -ms-flex-align: center;
  align-items: center;
  -webkit-box-pack: center;
  -ms-flex-pack: center;
  -webkit-justify-content: center;
  justify-content: center;
  -webkit-transition: background-color 120ms cubic-bezier(0.4, 0, 0.2, 1);
  transition: background-color 120ms cubic-bezier(0.4, 0, 0.2, 1);
  -webkit-flex-shrink: 0;
  -ms-flex-negative: 0;
  flex-shrink: 0;
  -webkit-user-select: none;
  -moz-user-select: none;
  -ms-user-select: none;
  user-select: none;
  border: var(--tonic-borders-1);
  position: relative;
  width: var(--tonic-sizes-4x);
  height: var(--tonic-sizes-4x);
  z-index: 0;
}

.emotion-52>* {
  opacity: 0;
}

input[type=checkbox]:checked+.emotion-52>* {
  opacity: 1;
}

input[type=checkbox][data-indeterminate]:disabled+.emotion-52 {
  border-color: var(--tonic-colors-gray-60);
  color: var(--tonic-colors-gray-60);
  opacity: 0.28;
}

input[type=checkbox][data-indeterminate]:focus+.emotion-52 {
  outline-style: solid;
  outline-color: var(--tonic-colors-blue-60);
  outline-width: var(--tonic-sizes-1h);
}

input[type=checkbox][data-indeterminate]:hover:not(:disabled):not(:focus)+.emotion-52 {
  border-color: var(--tonic-colors-blue-50);
  color: var(--tonic-colors-blue-50);
}

input[type=checkbox][data-indeterminate]+.emotion-52 {
  border-color: var(--tonic-colors-gray-50);
  color: var(--tonic-colors-blue-60);
}

input[type=checkbox][data-indeterminate]+.emotion-52>* {
  opacity: 1;
}

.emotion-72 {
  display: -webkit-inline-box;
  display: -webkit-inline-flex;
  display: -ms-inline-flexbox;
  display: inline-flex;
  vertical-align: top;
  -webkit-align-items: center;
  -webkit-box-align: center;
  -ms-flex-align: center;
  align-items: center;
  cursor: not-allowed;
}

.emotion-82 {
  margin-left: var(--tonic-space-2x);
  -webkit-user-select: none;
  -moz-user-select: none;
  -ms-user-select: none;
  user-select: none;
  opacity: 0.28;
}

<div>
  <label
    class="emotion-0 emotion-1"
  >
    <input
      class="emotion-2 emotion-1"
      type="checkbox"
      value=""
    />
    <div
      aria-hidden="true"
      class="emotion-4 emotion-1"
    >
      <div
        class="emotion-6 emotion-1"
      />
      <svg
        aria-hidden="true"
        class="emotion-8 emotion-9"
        focusable="false"
        role="presentation"
        viewBox="0 0 16 16"
      >
        <g
          fill="currentColor"
        >
          <path
            d="M6 11.060l-3-3-1 1 4 4 9-9-1-1z"
          />
        </g>
      </svg>
    </div>
    <div
      class="emotion-10 emotion-1"
    >
      Label
    </div>
  </label>
  <label
    class="emotion-0 emotion-1"
  >
    <input
      class="emotion-2 emotion-1"
      type="checkbox"
      value=""
    />
    <div
      aria-hidden="true"
      class="emotion-16 emotion-1"
    >
      <div
        class="emotion-6 emotion-1"
      />
      <svg
        aria-hidden="true"
        class="emotion-20 emotion-9"
        focusable="false"
        role="presentation"
        viewBox="0 0 16 16"
      >
        <g
          fill="currentColor"
        >
          <path
            d="M6 11.060l-3-3-1 1 4 4 9-9-1-1z"
          />
        </g>
      </svg>
    </div>
    <div
      class="emotion-10 emotion-1"
    >
      Label
    </div>
  </label>
  <label
    class="emotion-0 emotion-1"
  >
    <input
      class="emotion-2 emotion-1"
      type="checkbox"
      value=""
    />
    <div
      aria-hidden="true"
      class="emotion-28 emotion-1"
    >
      <div
        class="emotion-6 emotion-1"
      />
      <svg
        aria-hidden="true"
        class="emotion-32 emotion-9"
        focusable="false"
        role="presentation"
        viewBox="0 0 16 16"
      >
        <g
          fill="currentColor"
        >
          <path
            d="M6 11.060l-3-3-1 1 4 4 9-9-1-1z"
          />
        </g>
      </svg>
    </div>
    <div
      class="emotion-10 emotion-1"
    >
      Label
    </div>
  </label>
  <label
    class="emotion-0 emotion-1"
  >
    <input
      class="emotion-2 emotion-1"
      type="checkbox"
      value=""
    />
    <div
      aria-hidden="true"
      class="emotion-16 emotion-1"
    >
      <div
        class="emotion-6 emotion-1"
      />
      <svg
        aria-hidden="true"
        class="emotion-20 emotion-9"
        focusable="false"
        role="presentation"
        viewBox="0 0 16 16"
      >
        <g
          fill="currentColor"
        >
          <path
            d="M6 11.060l-3-3-1 1 4 4 9-9-1-1z"
          />
        </g>
      </svg>
    </div>
    <div
      class="emotion-10 emotion-1"
    >
      Label
    </div>
  </label>
  <label
    class="emotion-0 emotion-1"
  >
    <input
      class="emotion-2 emotion-1"
      data-indeterminate=""
      type="checkbox"
      value=""
    />
    <div
      aria-hidden="true"
      class="emotion-52 emotion-1"
    >
      <div
        class="emotion-6 emotion-1"
      />
      <svg
        aria-hidden="true"
        class="emotion-20 emotion-9"
        focusable="false"
        role="presentation"
        viewBox="0 0 24 24"
      >
        <g
          fill="currentColor"
        >
          <rect
            height="18"
            width="18"
            x="3"
            y="3"
          />
        </g>
      </svg>
    </div>
    <div
      class="emotion-10 emotion-1"
    >
      Label
    </div>
  </label>
  <label
    class="emotion-0 emotion-1"
  >
    <input
      checked=""
      class="emotion-2 emotion-1"
      type="checkbox"
      value=""
    />
    <div
      aria-hidden="true"
      class="emotion-16 emotion-1"
    >
      <div
        class="emotion-6 emotion-1"
      />
      <svg
        aria-hidden="true"
        class="emotion-20 emotion-9"
        focusable="false"
        role="presentation"
        viewBox="0 0 16 16"
      >
        <g
          fill="currentColor"
        >
          <path
            d="M6 11.060l-3-3-1 1 4 4 9-9-1-1z"
          />
        </g>
      </svg>
    </div>
    <div
      class="emotion-10 emotion-1"
    >
      Label
    </div>
  </label>
  <label
    class="emotion-72 emotion-1"
  >
    <input
      class="emotion-2 emotion-1"
      disabled=""
      type="checkbox"
      value=""
    />
    <div
      aria-hidden="true"
      class="emotion-16 emotion-1"
    >
      <div
        class="emotion-6 emotion-1"
      />
      <svg
        aria-hidden="true"
        class="emotion-20 emotion-9"
        focusable="false"
        role="presentation"
        viewBox="0 0 16 16"
      >
        <g
          fill="currentColor"
        >
          <path
            d="M6 11.060l-3-3-1 1 4 4 9-9-1-1z"
          />
        </g>
      </svg>
    </div>
    <div
      class="emotion-82 emotion-1"
    >
      Label
    </div>
  </label>
  <label
    class="emotion-72 emotion-1"
  >
    <input
      class="emotion-2 emotion-1"
      data-indeterminate=""
      disabled=""
      type="checkbox"
      value=""
    />
    <div
      aria-hidden="true"
      class="emotion-52 emotion-1"
    >
      <div
        class="emotion-6 emotion-1"
      />
      <svg
        aria-hidden="true"
        class="emotion-20 emotion-9"
        focusable="false"
        role="presentation"
        viewBox="0 0 24 24"
      >
        <g
          fill="currentColor"
        >
          <rect
            height="18"
            width="18"
            x="3"
            y="3"
          />
        </g>
      </svg>
    </div>
    <div
      class="emotion-82 emotion-1"
    >
      Label
    </div>
  </label>
  <label
    class="emotion-72 emotion-1"
  >
    <input
      checked=""
      class="emotion-2 emotion-1"
      disabled=""
      type="checkbox"
      value=""
    />
    <div
      aria-hidden="true"
      class="emotion-16 emotion-1"
    >
      <div
        class="emotion-6 emotion-1"
      />
      <svg
        aria-hidden="true"
        class="emotion-20 emotion-9"
        focusable="false"
        role="presentation"
        viewBox="0 0 16 16"
      >
        <g
          fill="currentColor"
        >
          <path
            d="M6 11.060l-3-3-1 1 4 4 9-9-1-1z"
          />
        </g>
      </svg>
    </div>
    <div
      class="emotion-82 emotion-1"
    >
      Label
    </div>
  </label>
</div>
`;
