// Jest Snapshot v1, https://goo.gl/fbAQLP

exports[`Menu should render correctly 1`] = `
.emotion-0 {
  position: relative;
  display: -webkit-inline-box;
  display: -webkit-inline-flex;
  display: -ms-inline-flexbox;
  display: inline-flex;
}

.emotion-2 {
  -webkit-appearance: none;
  -moz-appearance: none;
  -ms-appearance: none;
  appearance: none;
  background-color: inherit;
  border: var(--tonic-borders-1);
  color: var(--tonic-colors-white-primary);
  cursor: pointer;
  outline: 0;
  padding: 0;
  display: -webkit-inline-box;
  display: -webkit-inline-flex;
  display: -ms-inline-flexbox;
  display: inline-flex;
  -webkit-align-items: center;
  -webkit-box-align: center;
  -ms-flex-align: center;
  align-items: center;
  -webkit-box-pack: justify;
  -webkit-justify-content: space-between;
  justify-content: space-between;
  -webkit-user-select: none;
  -moz-user-select: none;
  -ms-user-select: none;
  user-select: none;
  white-space: nowrap;
  border-radius: var(--tonic-radii-sm);
  padding-left: var(--tonic-space-3x);
  padding-right: var(--tonic-space-3x);
  -webkit-transition: background-color 200ms cubic-bezier(0.4, 0, 0.2, 1),border-color 200ms cubic-bezier(0.4, 0, 0.2, 1),box-shadow 200ms cubic-bezier(0.4, 0, 0.2, 1),color 200ms cubic-bezier(0.4, 0, 0.2, 1);
  transition: background-color 200ms cubic-bezier(0.4, 0, 0.2, 1),border-color 200ms cubic-bezier(0.4, 0, 0.2, 1),box-shadow 200ms cubic-bezier(0.4, 0, 0.2, 1),color 200ms cubic-bezier(0.4, 0, 0.2, 1);
  min-height: var(--tonic-sizes-8x);
  font-size: var(--tonic-fontSizes-sm);
  line-height: var(--tonic-lineHeights-sm);
  border-color: var(--tonic-colors-gray-60);
  -webkit-column-gap: var(--tonic-sizes-1x);
  column-gap: var(--tonic-sizes-1x);
}

.emotion-2[aria-selected=true],
.emotion-2[data-selected] {
  background-color: var(--tonic-colors-gray-70);
  color: var(--tonic-colors-white-emphasis);
  pointer-events: none;
}

.emotion-2:focus,
.emotion-2[data-focus] {
  border-color: var(--tonic-colors-blue-60);
  box-shadow: inset 0 0 0 .0625rem #1e5ede;
  color: var(--tonic-colors-white-primary);
  z-index: 1;
}

.emotion-2:hover,
.emotion-2[data-hover] {
  color: var(--tonic-colors-blue-40);
  z-index: 2;
}

.emotion-2:hover:not(:focus),
.emotion-2[data-hover]:not(:focus) {
  border-color: var(--tonic-colors-blue-50);
}

.emotion-2:active,
.emotion-2[data-active] {
  border-color: var(--tonic-colors-blue-50);
  background-color: rgba(0, 0, 0, 0.12);
  color: var(--tonic-colors-blue-40);
}

.emotion-2:disabled,
.emotion-2:disabled:focus,
.emotion-2:disabled:hover,
.emotion-2[aria-disabled=true],
.emotion-2[aria-disabled=true]:focus,
.emotion-2[aria-disabled=true]:hover,
.emotion-2[data-disabled] {
  border-color: var(--tonic-colors-gray-60);
  color: var(--tonic-colors-white-emphasis);
  cursor: not-allowed;
  opacity: 0.28;
}

.emotion-2:hover {
  color: var(--tonic-colors-white-primary);
}

.emotion-2:active {
  color: var(--tonic-colors-white-primary);
}

.emotion-6 {
  display: -webkit-inline-box;
  display: -webkit-inline-flex;
  display: -ms-inline-flexbox;
  display: inline-flex;
  -webkit-transform: rotate(-180deg);
  -moz-transform: rotate(-180deg);
  -ms-transform: rotate(-180deg);
  transform: rotate(-180deg);
  -webkit-transition: -webkit-transform 133ms cubic-bezier(0.0, 0, 0.2, 1);
  transition: transform 133ms cubic-bezier(0.0, 0, 0.2, 1);
}

.emotion-6:disabled,
.emotion-6:disabled:focus,
.emotion-6:disabled:hover,
.emotion-6[aria-disabled=true],
.emotion-6[aria-disabled=true]:focus,
.emotion-6[aria-disabled=true]:hover,
.emotion-6[data-disabled] {
  opacity: .28;
}

.emotion-8 {
  width: var(--tonic-sizes-4x);
  height: var(--tonic-sizes-4x);
  fill: currentColor;
  display: -webkit-inline-box;
  display: -webkit-inline-flex;
  display: -ms-inline-flexbox;
  display: inline-flex;
  vertical-align: middle;
  -webkit-flex-shrink: 0;
  -ms-flex-negative: 0;
  flex-shrink: 0;
}

.emotion-8:not(:root) {
  overflow: hidden;
}

.emotion-10 {
  position: absolute;
  z-index: var(--tonic-zIndices-dropdown);
  outline: 0;
  background-color: var(--tonic-colors-gray-80);
  box-shadow: 0 4px 16px 0 rgba(0, 0, 0, 0.48),0 2px 4px 0 rgba(0, 0, 0, 0.16);
  color: inherit;
  margin: 0;
  padding: 0;
  padding-top: var(--tonic-space-2x);
  padding-bottom: var(--tonic-space-2x);
}

.emotion-12 {
  height: 0;
  opacity: 1;
  overflow: hidden;
  -webkit-transition: height 133ms linear,opacity 133ms linear;
  transition: height 133ms linear,opacity 133ms linear;
}

.emotion-16 {
  -webkit-appearance: none;
  -moz-appearance: none;
  -ms-appearance: none;
  appearance: none;
  background-color: inherit;
  border: none;
  color: var(--tonic-colors-white-primary);
  cursor: pointer;
  outline: 0;
  padding: 0;
  font-size: var(--tonic-fontSizes-sm);
  line-height: var(--tonic-lineHeights-sm);
  display: -webkit-box;
  display: -webkit-flex;
  display: -ms-flexbox;
  display: flex;
  -webkit-text-decoration: none;
  text-decoration: none;
  -webkit-align-items: center;
  -webkit-box-align: center;
  -ms-flex-align: center;
  align-items: center;
  text-align: left;
  padding-left: var(--tonic-space-3x);
  padding-right: var(--tonic-space-3x);
  padding-top: var(--tonic-space-2x);
  padding-bottom: var(--tonic-space-2x);
  -webkit-user-select: none;
  -moz-user-select: none;
  -ms-user-select: none;
  user-select: none;
  width: 100%;
}

.emotion-16[aria-selected=true],
.emotion-16[data-selected] {
  background-color: rgba(255, 255, 255, 0.08);
}

.emotion-16:focus,
.emotion-16[data-focus] {
  border-color: var(--tonic-colors-blue-60);
  border-style: solid;
  border-width: var(--tonic-sizes-1h);
  padding-left: calc(.75rem - .125rem);
  padding-right: calc(.75rem - .125rem);
  padding-top: calc(.5rem - .125rem);
  padding-bottom: calc(.5rem - .125rem);
}

.emotion-16:hover,
.emotion-16[data-hover] {
  background-color: rgba(255, 255, 255, 0.12);
}

.emotion-16:disabled,
.emotion-16:disabled:focus,
.emotion-16:disabled:hover,
.emotion-16[aria-disabled=true],
.emotion-16[aria-disabled=true]:focus,
.emotion-16[aria-disabled=true]:hover,
.emotion-16[data-disabled] {
  background-color: inherit;
  color: var(--tonic-colors-white-disabled);
  cursor: not-allowed;
}

<div>
  <div
    class="emotion-0 emotion-1"
  >
    <button
      aria-controls="@tonic-ui/react:Menu-1"
      aria-expanded="true"
      aria-haspopup="menu"
      class="emotion-2 emotion-1"
      data-testid="button"
      id="@tonic-ui/react:MenuToggle-1"
      role="button"
      tabindex="0"
      type="button"
    >
      <div
        class="emotion-4 emotion-1"
      >
        Open
      </div>
      <div
        class="emotion-6 emotion-1"
      >
        <svg
          aria-hidden="true"
          class="emotion-8 emotion-9"
          focusable="false"
          role="presentation"
          viewBox="0 0 16 16"
        >
          <g>
            <path
              d="M12.5 6.5l-4.5 4.5-4.5-4.5 1-1 3.5 3.5 3.5-3.5 1 1z"
            />
          </g>
        </svg>
      </div>
    </button>
    <div
      aria-labelledby="@tonic-ui/react:MenuToggle-1"
      class="emotion-10 emotion-1"
      data-menu-id="@tonic-ui/react:Menu-1"
      data-popper-escaped=""
      data-popper-placement="bottom-start"
      data-popper-reference-hidden=""
      data-testid="menu-list"
      id="@tonic-ui/react:Menu-1"
      role="menu"
      style="position: absolute; left: 0px; top: 0px; margin: 0px; transform: translate(0px, 0px);"
      tabindex="-1"
    >
      <div
        class="emotion-12 emotion-1"
      >
        <div
          class="emotion-4 emotion-1"
        >
          <button
            class="emotion-16 emotion-1"
            data-id="1"
            role="menuitem"
            tabindex="0"
            type="button"
          >
            Menu item 1
          </button>
          <button
            class="emotion-16 emotion-1"
            data-id="2"
            role="menuitem"
            tabindex="-1"
            type="button"
          >
            Menu item 2
          </button>
          <button
            aria-disabled="true"
            class="emotion-16 emotion-1"
            data-id="3"
            disabled=""
            role="menuitem"
            tabindex="-1"
            type="button"
          >
            Menu item 3
          </button>
        </div>
      </div>
    </div>
  </div>
</div>
`;
