// Jest Snapshot v1, https://goo.gl/fbAQLP

exports[`Box should render correctly 1`] = `
<div>
  <div
    class="emotion-0 emotion-1"
  >
    This is a box
  </div>
</div>
`;
