// Jest Snapshot v1, https://goo.gl/fbAQLP

exports[`Tabs should render correctly 1`] = `
.emotion-0 {
  display: -webkit-box;
  display: -webkit-flex;
  display: -ms-flexbox;
  display: flex;
  -webkit-flex-direction: column;
  -ms-flex-direction: column;
  flex-direction: column;
}

.emotion-2 {
  display: -webkit-box;
  display: -webkit-flex;
  display: -ms-flexbox;
  display: flex;
  -webkit-flex-direction: row;
  -ms-flex-direction: row;
  flex-direction: row;
}

.emotion-4 {
  -webkit-appearance: none;
  -moz-appearance: none;
  -ms-appearance: none;
  appearance: none;
  background-color: inherit;
  border: none;
  color: var(--tonic-colors-black-primary);
  cursor: default;
  outline: 0;
  padding: 0;
  font-size: var(--tonic-fontSizes-sm);
  line-height: var(--tonic-lineHeights-sm);
  border-color: var(--tonic-colors-transparent);
  border-style: solid;
  border-width: var(--tonic-sizes-1h);
  display: -webkit-box;
  display: -webkit-flex;
  display: -ms-flexbox;
  display: flex;
  -webkit-align-items: center;
  -webkit-box-align: center;
  -ms-flex-align: center;
  align-items: center;
  padding-left: var(--tonic-space-3x);
  padding-right: var(--tonic-space-3x);
  padding-top: var(--tonic-space-2x);
  padding-bottom: var(--tonic-space-2x);
}

.emotion-4[aria-selected=true],
.emotion-4[data-selected] {
  border: none;
  border-bottom-color: var(--tonic-colors-red-60);
  border-bottom-style: solid;
  border-bottom-width: var(--tonic-sizes-1h);
  color: var(--tonic-colors-black-primary);
  padding-left: calc(.75rem + .125rem);
  padding-right: calc(.75rem + .125rem);
  padding-top: calc(.5rem + .125rem);
}

.emotion-4:focus,
.emotion-4[data-focus] {
  border-color: var(--tonic-colors-red-60);
  color: var(--tonic-colors-black-primary);
}

.emotion-4:hover,
.emotion-4[data-hover] {
  border: none;
  border-bottom-color: var(--tonic-colors-red-60);
  border-bottom-style: solid;
  border-bottom-width: var(--tonic-sizes-1h);
  color: var(--tonic-colors-black-primary);
  padding-left: calc(.75rem + .125rem);
  padding-right: calc(.75rem + .125rem);
  padding-top: calc(.5rem + .125rem);
}

.emotion-6 {
  -webkit-appearance: none;
  -moz-appearance: none;
  -ms-appearance: none;
  appearance: none;
  background-color: inherit;
  border: none;
  color: var(--tonic-colors-black-secondary);
  cursor: pointer;
  padding: 0;
  font-size: var(--tonic-fontSizes-sm);
  line-height: var(--tonic-lineHeights-sm);
  border-color: var(--tonic-colors-transparent);
  border-style: solid;
  border-width: var(--tonic-sizes-1h);
  display: -webkit-box;
  display: -webkit-flex;
  display: -ms-flexbox;
  display: flex;
  -webkit-align-items: center;
  -webkit-box-align: center;
  -ms-flex-align: center;
  align-items: center;
  padding-left: var(--tonic-space-3x);
  padding-right: var(--tonic-space-3x);
  padding-top: var(--tonic-space-2x);
  padding-bottom: var(--tonic-space-2x);
}

.emotion-6[aria-selected=true],
.emotion-6[data-selected] {
  border: none;
  border-bottom-color: var(--tonic-colors-red-60);
  border-bottom-style: solid;
  border-bottom-width: var(--tonic-sizes-1h);
  color: var(--tonic-colors-black-primary);
  padding-left: calc(.75rem + .125rem);
  padding-right: calc(.75rem + .125rem);
  padding-top: calc(.5rem + .125rem);
}

.emotion-6:focus,
.emotion-6[data-focus] {
  border-color: var(--tonic-colors-blue-60);
  color: var(--tonic-colors-black-primary);
}

.emotion-6:hover,
.emotion-6[data-hover] {
  border: none;
  border-bottom-color: var(--tonic-colors-gray-60);
  border-bottom-style: solid;
  border-bottom-width: var(--tonic-sizes-1h);
  color: var(--tonic-colors-black-primary);
  padding-left: calc(.75rem + .125rem);
  padding-right: calc(.75rem + .125rem);
  padding-top: calc(.5rem + .125rem);
}

.emotion-8 {
  -webkit-appearance: none;
  -moz-appearance: none;
  -ms-appearance: none;
  appearance: none;
  background-color: inherit;
  border: none;
  color: var(--tonic-colors-black-disabled);
  cursor: not-allowed;
  outline: 0;
  padding: 0;
  font-size: var(--tonic-fontSizes-sm);
  line-height: var(--tonic-lineHeights-sm);
  border-color: var(--tonic-colors-transparent);
  border-style: solid;
  border-width: var(--tonic-sizes-1h);
  display: -webkit-box;
  display: -webkit-flex;
  display: -ms-flexbox;
  display: flex;
  -webkit-align-items: center;
  -webkit-box-align: center;
  -ms-flex-align: center;
  align-items: center;
  padding-left: var(--tonic-space-3x);
  padding-right: var(--tonic-space-3x);
  padding-top: var(--tonic-space-2x);
  padding-bottom: var(--tonic-space-2x);
}

.emotion-8[aria-selected=true],
.emotion-8[data-selected] {
  border: none;
  border-bottom-color: var(--tonic-colors-transparent);
  border-bottom-style: solid;
  border-bottom-width: var(--tonic-sizes-1h);
  color: var(--tonic-colors-black-disabled);
  padding-left: calc(.75rem + .125rem);
  padding-right: calc(.75rem + .125rem);
  padding-top: calc(.5rem + .125rem);
}

.emotion-8:focus,
.emotion-8[data-focus] {
  border-color: var(--tonic-colors-transparent);
  color: var(--tonic-colors-black-disabled);
}

.emotion-8:hover,
.emotion-8[data-hover] {
  border: none;
  border-bottom-color: var(--tonic-colors-transparent);
  border-bottom-style: solid;
  border-bottom-width: var(--tonic-sizes-1h);
  color: var(--tonic-colors-black-disabled);
  padding-left: calc(.75rem + .125rem);
  padding-right: calc(.75rem + .125rem);
  padding-top: calc(.5rem + .125rem);
}

.emotion-10 {
  padding-left: var(--tonic-space-3x);
  padding-right: var(--tonic-space-3x);
  padding-top: var(--tonic-space-2x);
  padding-bottom: var(--tonic-space-2x);
}

.emotion-12 {
  outline: 0;
}

<div>
  <div
    class="emotion-0 emotion-1"
  >
    <div
      aria-orientation="horizontal"
      class="emotion-2 emotion-1"
      role="tablist"
    >
      <button
        aria-controls="@tonic-ui/react:TabPanel-0"
        aria-selected="true"
        class="emotion-4 emotion-1"
        data-index="0"
        id="@tonic-ui/react:Tab-0"
        role="tab"
        tabindex="-1"
        type="button"
      >
        TAB 1
      </button>
      <button
        aria-controls="@tonic-ui/react:TabPanel-1"
        class="emotion-6 emotion-1"
        data-index="1"
        id="@tonic-ui/react:Tab-1"
        role="tab"
        tabindex="0"
        type="button"
      >
        TAB 2
      </button>
      <button
        aria-controls="@tonic-ui/react:TabPanel-2"
        aria-disabled="true"
        class="emotion-8 emotion-1"
        data-index="2"
        disabled=""
        id="@tonic-ui/react:Tab-2"
        role="tab"
        tabindex="-1"
        type="button"
      >
        TAB 3
      </button>
    </div>
    <div
      class="emotion-10 emotion-1"
    >
      <div
        aria-labelledby="@tonic-ui/react:Tab-0"
        class="emotion-12 emotion-1"
        id="@tonic-ui/react:TabPanel-0"
        role="tabpanel"
        tabindex="0"
      >
        Tab Panel 1
      </div>
      <div
        aria-hidden="true"
        aria-labelledby="@tonic-ui/react:Tab-1"
        class="emotion-12 emotion-1"
        hidden=""
        id="@tonic-ui/react:TabPanel-1"
        role="tabpanel"
        tabindex="0"
      >
        Tab Panel 2
      </div>
      <div
        aria-hidden="true"
        aria-labelledby="@tonic-ui/react:Tab-2"
        class="emotion-12 emotion-1"
        hidden=""
        id="@tonic-ui/react:TabPanel-2"
        role="tabpanel"
        tabindex="0"
      >
        Tab Panel 3
      </div>
    </div>
  </div>
</div>
`;
