// Jest Snapshot v1, https://goo.gl/fbAQLP

exports[`Portal should render correctly 1`] = `<div />`;
