// Jest Snapshot v1, https://goo.gl/fbAQLP

exports[`Badge should render correctly 1`] = `
.emotion-0 {
  display: -webkit-box;
  display: -webkit-flex;
  display: -ms-flexbox;
  display: flex;
  -webkit-column-gap: var(--tonic-sizes-4x);
  column-gap: var(--tonic-sizes-4x);
}

.emotion-2 {
  display: -webkit-inline-box;
  display: -webkit-inline-flex;
  display: -ms-inline-flexbox;
  display: inline-flex;
  -webkit-align-items: center;
  -webkit-box-align: center;
  -ms-flex-align: center;
  align-items: center;
  -webkit-box-pack: center;
  -ms-flex-pack: center;
  -webkit-justify-content: center;
  justify-content: center;
  background-color: var(--tonic-colors-red-60);
  border-radius: var(--tonic-radii-circle);
  box-shadow: 0 0 0 .0625rem white;
  color: var(--tonic-colors-white-primary);
  height: .5rem;
  width: .5rem;
}

.emotion-4 {
  display: -webkit-inline-box;
  display: -webkit-inline-flex;
  display: -ms-inline-flexbox;
  display: inline-flex;
  -webkit-align-items: center;
  -webkit-box-align: center;
  -ms-flex-align: center;
  align-items: center;
  -webkit-box-pack: center;
  -ms-flex-pack: center;
  -webkit-justify-content: center;
  justify-content: center;
  background-color: var(--tonic-colors-red-60);
  border-radius: 1rem;
  box-shadow: 0 0 0 .0625rem white;
  color: var(--tonic-colors-white-primary);
  font-size: var(--tonic-fontSizes-xs);
  height: 1rem;
  line-height: 1;
  min-width: 1rem;
  padding-left: var(--tonic-space-1x);
  padding-right: var(--tonic-space-1x);
}

.emotion-6 {
  display: -webkit-inline-box;
  display: -webkit-inline-flex;
  display: -ms-inline-flexbox;
  display: inline-flex;
  position: relative;
  width: -webkit-fit-content;
  width: -moz-fit-content;
  width: fit-content;
}

.emotion-8 {
  width: var(--tonic-sizes-4x);
  height: var(--tonic-sizes-4x);
  fill: currentColor;
  display: -webkit-inline-box;
  display: -webkit-inline-flex;
  display: -ms-inline-flexbox;
  display: inline-flex;
  vertical-align: middle;
  -webkit-flex-shrink: 0;
  -ms-flex-negative: 0;
  flex-shrink: 0;
}

.emotion-8:not(:root) {
  overflow: hidden;
}

.emotion-10 {
  display: -webkit-inline-box;
  display: -webkit-inline-flex;
  display: -ms-inline-flexbox;
  display: inline-flex;
  -webkit-align-items: center;
  -webkit-box-align: center;
  -ms-flex-align: center;
  align-items: center;
  -webkit-box-pack: center;
  -ms-flex-pack: center;
  -webkit-justify-content: center;
  justify-content: center;
  background-color: var(--tonic-colors-red-60);
  border-radius: var(--tonic-radii-circle);
  box-shadow: 0 0 0 .0625rem white;
  color: var(--tonic-colors-white-primary);
  height: .5rem;
  width: .5rem;
  position: absolute;
  top: 0;
  right: 0;
  -webkit-transform: translate(50%, -50%);
  -moz-transform: translate(50%, -50%);
  -ms-transform: translate(50%, -50%);
  transform: translate(50%, -50%);
}

.emotion-16 {
  display: -webkit-inline-box;
  display: -webkit-inline-flex;
  display: -ms-inline-flexbox;
  display: inline-flex;
  -webkit-align-items: center;
  -webkit-box-align: center;
  -ms-flex-align: center;
  align-items: center;
  -webkit-box-pack: center;
  -ms-flex-pack: center;
  -webkit-justify-content: center;
  justify-content: center;
  background-color: var(--tonic-colors-red-60);
  border-radius: 1rem;
  box-shadow: 0 0 0 .0625rem white;
  color: var(--tonic-colors-white-primary);
  font-size: var(--tonic-fontSizes-xs);
  height: 1rem;
  line-height: 1;
  min-width: 1rem;
  padding-left: var(--tonic-space-1x);
  padding-right: var(--tonic-space-1x);
  position: absolute;
  top: 0;
  right: 0;
  -webkit-transform: translate(50%, -50%);
  -moz-transform: translate(50%, -50%);
  -ms-transform: translate(50%, -50%);
  transform: translate(50%, -50%);
}

<div>
  <div
    class="emotion-0 emotion-1"
  >
    <div
      class="emotion-2 emotion-1"
    />
    <div
      class="emotion-4 emotion-1"
    >
      5
    </div>
    <div
      class="emotion-6 emotion-1"
    >
      <svg
        aria-hidden="true"
        class="emotion-8 emotion-9"
        focusable="false"
        role="presentation"
        viewBox="0 0 16 16"
      >
        <g>
          <path
            d="M6 14h4c0 1.105-0.895 2-2 2s-2-0.895-2-2v0zM15 12c-1.237-1.248-2.001-2.967-2.001-4.863 0-0.048 0-0.096 0.001-0.144l-0 0.007v-1c0-0 0-0.001 0-0.001 0-2.407-1.701-4.417-3.967-4.893l-0.033-0.006s0-0.1 0-0.1c0-0.552-0.448-1-1-1s-1 0.448-1 1v0s0 0.070 0 0.1c-2.299 0.482-4 2.492-4 4.899 0 0 0 0.001 0 0.001v-0 1c0.001 0.041 0.001 0.089 0.001 0.137 0 1.897-0.764 3.615-2.002 4.864l0.001-0.001v1h14v-1z"
          />
        </g>
      </svg>
      <div
        class="emotion-10 emotion-1"
      />
    </div>
    <div
      class="emotion-6 emotion-1"
    >
      <svg
        aria-hidden="true"
        class="emotion-8 emotion-9"
        focusable="false"
        role="presentation"
        viewBox="0 0 16 16"
      >
        <g>
          <path
            d="M6 14h4c0 1.105-0.895 2-2 2s-2-0.895-2-2v0zM15 12c-1.237-1.248-2.001-2.967-2.001-4.863 0-0.048 0-0.096 0.001-0.144l-0 0.007v-1c0-0 0-0.001 0-0.001 0-2.407-1.701-4.417-3.967-4.893l-0.033-0.006s0-0.1 0-0.1c0-0.552-0.448-1-1-1s-1 0.448-1 1v0s0 0.070 0 0.1c-2.299 0.482-4 2.492-4 4.899 0 0 0 0.001 0 0.001v-0 1c0.001 0.041 0.001 0.089 0.001 0.137 0 1.897-0.764 3.615-2.002 4.864l0.001-0.001v1h14v-1z"
          />
        </g>
      </svg>
      <div
        class="emotion-16 emotion-1"
      >
        5
      </div>
    </div>
    <div
      class="emotion-6 emotion-1"
    >
      <svg
        aria-hidden="true"
        class="emotion-8 emotion-9"
        focusable="false"
        role="presentation"
        viewBox="0 0 16 16"
      >
        <g>
          <path
            d="M6 14h4c0 1.105-0.895 2-2 2s-2-0.895-2-2v0zM15 12c-1.237-1.248-2.001-2.967-2.001-4.863 0-0.048 0-0.096 0.001-0.144l-0 0.007v-1c0-0 0-0.001 0-0.001 0-2.407-1.701-4.417-3.967-4.893l-0.033-0.006s0-0.1 0-0.1c0-0.552-0.448-1-1-1s-1 0.448-1 1v0s0 0.070 0 0.1c-2.299 0.482-4 2.492-4 4.899 0 0 0 0.001 0 0.001v-0 1c0.001 0.041 0.001 0.089 0.001 0.137 0 1.897-0.764 3.615-2.002 4.864l0.001-0.001v1h14v-1z"
          />
        </g>
      </svg>
      <div
        class="emotion-16 emotion-1"
      >
        99+
      </div>
    </div>
  </div>
</div>
`;
