// Jest Snapshot v1, https://goo.gl/fbAQLP

exports[`Drawer should render correctly 1`] = `
.emotion-0 {
  position: fixed;
  display: -webkit-box;
  display: -webkit-flex;
  display: -ms-flexbox;
  display: flex;
  z-index: var(--tonic-zIndices-drawer);
  top: 0;
  right: 0;
  bottom: 0;
}

.emotion-2 {
  position: absolute;
  left: 0;
  top: 0;
  width: 100%;
  height: 100%;
  background-color: rgba(0, 0, 0, .7);
  opacity: 1;
  -webkit-transition: opacity 225ms cubic-bezier(0.4, 0, 0.2, 1);
  transition: opacity 225ms cubic-bezier(0.4, 0, 0.2, 1);
}

.emotion-4 {
  display: -webkit-box;
  display: -webkit-flex;
  display: -ms-flexbox;
  display: flex;
  -webkit-flex-direction: column;
  -ms-flex-direction: column;
  flex-direction: column;
  outline: 0;
  overflow: clip;
  position: relative;
  color: var(--tonic-colors-white-primary);
  background: var(--tonic-colors-gray-90);
  border-width: var(--tonic-sizes-1q);
  border-style: solid;
  border-color: var(--tonic-colors-gray-80);
  box-shadow: 0 8px 32px 0 rgba(0, 0, 0, 0.48),0 4px 8px 0 rgba(0, 0, 0, 0.16);
  margin: auto;
  margin-right: 0;
  width: auto;
  height: 100%;
  max-width: 100vw;
  max-height: 100vh;
  -webkit-transform: none;
  -moz-transform: none;
  -ms-transform: none;
  transform: none;
  -webkit-transition: -webkit-transform 225ms cubic-bezier(0.0, 0, 0.2, 1);
  transition: transform 225ms cubic-bezier(0.0, 0, 0.2, 1);
}

.emotion-6 {
  padding-top: var(--tonic-space-4x);
  padding-bottom: var(--tonic-space-6x);
  padding-left: var(--tonic-space-4x);
  padding-right: var(--tonic-space-4x);
  position: relative;
  font-size: var(--tonic-fontSizes-xl);
  line-height: var(--tonic-lineHeights-xl);
}

.emotion-8 {
  padding-left: var(--tonic-space-4x);
  padding-right: var(--tonic-space-4x);
  padding-bottom: var(--tonic-space-6x);
  -webkit-flex: 1;
  -ms-flex: 1;
  flex: 1;
  height: auto;
  overflow-y: auto;
}

.emotion-8:first-of-type {
  margin-top: calc(1rem + 1.75rem + .75rem);
}

.emotion-10 {
  display: -webkit-box;
  display: -webkit-flex;
  display: -ms-flexbox;
  display: flex;
  -webkit-box-pack: start;
  -ms-flex-pack: start;
  -webkit-justify-content: flex-start;
  justify-content: flex-start;
  padding-left: var(--tonic-space-4x);
  padding-right: var(--tonic-space-4x);
  padding-top: var(--tonic-space-4x);
  padding-bottom: var(--tonic-space-4x);
}

.emotion-10:first-of-type {
  margin-top: calc(1rem + 1.75rem + .75rem);
}

.emotion-12 {
  -webkit-appearance: none;
  -moz-appearance: none;
  -ms-appearance: none;
  appearance: none;
  background-color: inherit;
  border: var(--tonic-borders-1);
  color: rgba(255, 255, 255, .47);
  cursor: pointer;
  outline: 0;
  padding: 0;
  display: -webkit-box;
  display: -webkit-flex;
  display: -ms-flexbox;
  display: flex;
  -webkit-align-items: center;
  -webkit-box-align: center;
  -ms-flex-align: center;
  align-items: center;
  -webkit-box-pack: center;
  -ms-flex-pack: center;
  -webkit-justify-content: center;
  justify-content: center;
  border-color: var(--tonic-colors-transparent);
  width: var(--tonic-sizes-8x);
  height: var(--tonic-sizes-8x);
  -webkit-transition: border-color 200ms cubic-bezier(0.4, 0, 0.2, 1),box-shadow 200ms cubic-bezier(0.4, 0, 0.2, 1),color 200ms cubic-bezier(0.4, 0, 0.2, 1);
  transition: border-color 200ms cubic-bezier(0.4, 0, 0.2, 1),box-shadow 200ms cubic-bezier(0.4, 0, 0.2, 1),color 200ms cubic-bezier(0.4, 0, 0.2, 1);
  position: absolute;
  top: calc(.5rem - .0625rem);
  right: calc(.5rem - .0625rem);
}

.emotion-12:focus,
.emotion-12[data-focus] {
  border-color: #1e5ede;
  box-shadow: inset 0 0 0 1px #1e5ede;
  color: rgba(255, 255, 255, .47);
}

.emotion-12:hover,
.emotion-12[data-hover] {
  color: rgba(255, 255, 255, 1.0);
}

.emotion-12:focus:hover {
  color: rgba(255, 255, 255, 1.0);
}

.emotion-12:active,
.emotion-12[data-active] {
  color: rgba(255, 255, 255, .47);
}

.emotion-12:focus:active {
  border-color: #1e5ede;
  box-shadow: inset 0 0 0 1px #1e5ede;
  color: rgba(255, 255, 255, .47);
}

.emotion-14 {
  width: var(--tonic-sizes-4x);
  height: var(--tonic-sizes-4x);
  fill: currentColor;
  display: -webkit-inline-box;
  display: -webkit-inline-flex;
  display: -ms-inline-flexbox;
  display: inline-flex;
  vertical-align: middle;
  -webkit-flex-shrink: 0;
  -ms-flex-negative: 0;
  flex-shrink: 0;
}

.emotion-14:not(:root) {
  overflow: hidden;
}

.emotion-16 {
  box-sizing: border-box;
  max-height: 100%;
  max-width: 100%;
  overflow: hidden;
  position: fixed;
  z-index: var(--tonic-zIndices-toast);
  bottom: 0;
  left: 50%;
  -webkit-transform: translateX(-50%);
  -moz-transform: translateX(-50%);
  -ms-transform: translateX(-50%);
  transform: translateX(-50%);
}

.emotion-18 {
  box-sizing: border-box;
  max-height: 100%;
  max-width: 100%;
  overflow: hidden;
  position: fixed;
  z-index: var(--tonic-zIndices-toast);
  bottom: 0;
  right: 0;
}

.emotion-20 {
  box-sizing: border-box;
  max-height: 100%;
  max-width: 100%;
  overflow: hidden;
  position: fixed;
  z-index: var(--tonic-zIndices-toast);
  bottom: 0;
  left: 0;
}

.emotion-22 {
  box-sizing: border-box;
  max-height: 100%;
  max-width: 100%;
  overflow: hidden;
  position: fixed;
  z-index: var(--tonic-zIndices-toast);
  top: 0;
  left: 50%;
  -webkit-transform: translateX(-50%);
  -moz-transform: translateX(-50%);
  -ms-transform: translateX(-50%);
  transform: translateX(-50%);
}

.emotion-24 {
  box-sizing: border-box;
  max-height: 100%;
  max-width: 100%;
  overflow: hidden;
  position: fixed;
  z-index: var(--tonic-zIndices-toast);
  top: 0;
  left: 0;
}

.emotion-26 {
  box-sizing: border-box;
  max-height: 100%;
  max-width: 100%;
  overflow: hidden;
  position: fixed;
  z-index: var(--tonic-zIndices-toast);
  top: 0;
  right: 0;
}

<body>
  <div />
  <div
    class="tonic-ui-portal"
  >
    <div
      data-focus-guard="true"
      style="width: 1px; height: 0px; padding: 0px; overflow: hidden; position: fixed; top: 1px; left: 1px;"
      tabindex="-1"
    />
    <div
      data-focus-lock-disabled="disabled"
    >
      <div
        class="emotion-0 emotion-1"
      >
        <div
          class="emotion-2 emotion-1"
        />
        <div
          aria-modal="true"
          class="emotion-4 emotion-1"
          role="dialog"
          tabindex="-1"
        >
          <div
            class="emotion-6 emotion-1"
          >
            Drawer header
          </div>
          <div
            class="emotion-8 emotion-1"
          >
            Drawer body
          </div>
          <div
            class="emotion-10 emotion-1"
          >
            Drawer footer
          </div>
          <button
            aria-label="Close"
            class="emotion-12 emotion-1"
            type="button"
          >
            <svg
              aria-hidden="true"
              class="emotion-14 emotion-15"
              focusable="false"
              role="presentation"
              viewBox="0 0 16 16"
            >
              <g>
                <path
                  d="M15 2l-1-1-6 6-6-6-0.99 0.99 5.99 6.010-6 6 1 1 6-6 6 6 1-1-6-6 6-6z"
                />
              </g>
            </svg>
          </button>
        </div>
      </div>
    </div>
    <div
      data-focus-guard="true"
      style="width: 1px; height: 0px; padding: 0px; overflow: hidden; position: fixed; top: 1px; left: 1px;"
      tabindex="-1"
    />
  </div>
  <div
    class="tonic-ui-portal"
  >
    <div
      class="emotion-16 emotion-1"
      data-toast-placement="bottom"
    />
    <div
      class="emotion-18 emotion-1"
      data-toast-placement="bottom-right"
    />
    <div
      class="emotion-20 emotion-1"
      data-toast-placement="bottom-left"
    />
    <div
      class="emotion-22 emotion-1"
      data-toast-placement="top"
    />
    <div
      class="emotion-24 emotion-1"
      data-toast-placement="top-left"
    />
    <div
      class="emotion-26 emotion-1"
      data-toast-placement="top-right"
    />
  </div>
</body>
`;
